// Jest Snapshot v1, https://goo.gl/fbAQLP

exports[`Header Match Snapshot 1`] = `
<header
  className="css-0 flex justify-between items-center px-4 py-4 sm:px-8 bg-gray-100 w-full"
>
  <a
    className="css-0 w-20 md:w-40"
    href="/"
  >
    <img
      src="/images/logo.png"
    />
  </a>
  <div
    className="flex pr-3 z-50 md:hidden"
  >
    <button
      className="space-y-2 css-jgxxba"
      onClick={[Function]}
    >
      <div
        className="w-6 h-0.5 bg-black"
      />
      <div
        className="w-6 h-0.5 bg-black"
      />
      <div
        className="w-6 h-0.5 bg-black"
      />
    </button>
  </div>
  <nav
    className="hidden sm:block"
  >
    <ul
      className="flex gap-6"
    >
      <li>
        <a
          href="/"
        >
          ホーム
        </a>
      </li>
      <li>
        <a
          href="/product/prod_NpvV9ohJIlgElI/payment"
        >
          料金
        </a>
      </li>
      <li>
        <a
          href="https://twitter.com/ise0615"
          rel="noreferrer"
          target="_blank"
        >
          お問い合わせ
        </a>
      </li>
    </ul>
  </nav>
</header>
`;
