// Jest Snapshot v1, https://goo.gl/fbAQLP

exports[`Header Match Snapshot 1`] = `
<header
  className="css-0 flex justify-between items-center h-16 px-4 py-4 sm:px-8 bg-main w-full"
>
  <a
    className="css-0"
    href="/"
  >
    <div
      className="w-20 md:w-40"
    >
      <img
        className="css-s08p0c "
        src="/images/logo.png"
      />
    </div>
  </a>
  <div
    className="flex pr-3 z-50 md:hidden "
  >
    <button
      className="space-y-2 css-jgxxba"
      onClick={[Function]}
    >
      <div
        className="w-6 h-0.5 bg-black"
      />
      <div
        className="w-6 h-0.5 bg-black"
      />
      <div
        className="w-6 h-0.5 bg-black"
      />
    </button>
  </div>
  <nav
    className="hidden sm:block"
  >
    <ul
      className="flex gap-6"
    />
  </nav>
</header>
`;
