// Jest Snapshot v1, https://goo.gl/fbAQLP

exports[`Table Match Snapshot 1`] = `
[
  <div
    className="sc-ePzlA-D dlUCce css-0"
  >
    <div
      className="sc-hjLWnZ bWdFbf"
    >
      <div
        className="sc-bgqQcB fjMIrw rdt_Table"
        disabled={false}
        role="table"
      >
        <div
          className="sc-gTRrQi kryIMW rdt_TableHead"
          role="rowgroup"
        >
          <div
            className="sc-ewnqHT dILRuI rdt_TableHeadRow"
            role="row"
          >
            <div
              className="sc-fFGjHI sc-dicizt sc-duSInm kBksXg fkmpGg iDRZMb rdt_TableCol"
              data-column-id={1}
              onDragEnd={[Function]}
              onDragEnter={[Function]}
              onDragLeave={[Function]}
              onDragOver={[Function]}
              onDragStart={[Function]}
            >
              <div
                className="sc-jrrXlR epNTxY rdt_TableCol_Sortable"
                data-column-id={1}
                data-sort-id={1}
                disabled={false}
                onClick={[Function]}
                onKeyPress={[Function]}
                role="columnheader"
                tabIndex={0}
              >
                <div
                  className="sc-crozmw jlPZUL"
                  data-column-id={1}
                >
                  商品名
                </div>
                <span
                  className="sc-kuWgmH ktdtys"
                >
                  ▲
                </span>
              </div>
            </div>
            <div
              className="sc-fFGjHI sc-dicizt sc-duSInm kBksXg fkmpGg iDRZMb rdt_TableCol"
              data-column-id={2}
              onDragEnd={[Function]}
              onDragEnter={[Function]}
              onDragLeave={[Function]}
              onDragOver={[Function]}
              onDragStart={[Function]}
            >
              <div
                className="sc-jrrXlR epNTxY rdt_TableCol_Sortable"
                data-column-id={2}
                data-sort-id={2}
                disabled={false}
                onClick={[Function]}
                onKeyPress={[Function]}
                role="columnheader"
                tabIndex={0}
              >
                <div
                  className="sc-crozmw jlPZUL"
                  data-column-id={2}
                >
                  画像
                </div>
                <span
                  className="sc-kuWgmH ktdtys"
                >
                  ▲
                </span>
              </div>
            </div>
            <div
              className="sc-fFGjHI sc-dicizt sc-duSInm kBksXg fkmpGg iDRZMb rdt_TableCol"
              data-column-id={3}
              onDragEnd={[Function]}
              onDragEnter={[Function]}
              onDragLeave={[Function]}
              onDragOver={[Function]}
              onDragStart={[Function]}
            >
              <div
                className="sc-jrrXlR epNTxY rdt_TableCol_Sortable"
                data-column-id={3}
                data-sort-id={3}
                disabled={false}
                onClick={[Function]}
                onKeyPress={[Function]}
                role="columnheader"
                tabIndex={0}
              >
                <div
                  className="sc-crozmw jlPZUL"
                  data-column-id={3}
                >
                  詳細
                </div>
                <span
                  className="sc-kuWgmH ktdtys"
                >
                  ▲
                </span>
              </div>
            </div>
            <div
              className="sc-fFGjHI sc-dicizt sc-duSInm kBksXg fkmpGg iDRZMb rdt_TableCol"
              data-column-id={4}
              onDragEnd={[Function]}
              onDragEnter={[Function]}
              onDragLeave={[Function]}
              onDragOver={[Function]}
              onDragStart={[Function]}
            >
              <div
                className="sc-jrrXlR epNTxY rdt_TableCol_Sortable"
                data-column-id={4}
                data-sort-id={4}
                disabled={false}
                onClick={[Function]}
                onKeyPress={[Function]}
                role="columnheader"
                tabIndex={0}
              >
                <div
                  className="sc-crozmw jlPZUL"
                  data-column-id={4}
                >
                  価格
                </div>
                <span
                  className="sc-kuWgmH ktdtys"
                >
                  ▲
                </span>
              </div>
            </div>
          </div>
        </div>
        <div
          className="sc-dPwPAC fkNzmq rdt_TableBody"
          role="rowgroup"
        >
          <div
            className="sc-dcrmVg kUcBKd rdt_TableRow"
            id="row-1"
            onClick={[Function]}
            onDoubleClick={[Function]}
            onMouseEnter={[Function]}
            onMouseLeave={[Function]}
            role="row"
            selected={false}
            style={{}}
          >
            <div
              className="sc-fFGjHI sc-dicizt sc-iVCKna cIdNNF fkmpGg ghLWkf rdt_TableCell"
              data-column-id={1}
              data-tag="allowRowEvents"
              id="cell-1-1"
              onDragEnd={[Function]}
              onDragEnter={[Function]}
              onDragLeave={[Function]}
              onDragOver={[Function]}
              onDragStart={[Function]}
              role="cell"
              style={{}}
            >
              <div
                data-tag="allowRowEvents"
              >
                商品A
              </div>
            </div>
            <div
              className="sc-fFGjHI sc-dicizt sc-iVCKna cIdNNF fkmpGg ggkryY rdt_TableCell"
              data-column-id={2}
              data-tag="allowRowEvents"
              id="cell-2-1"
              onDragEnd={[Function]}
              onDragEnter={[Function]}
              onDragLeave={[Function]}
              onDragOver={[Function]}
              onDragStart={[Function]}
              role="cell"
              style={{}}
            >
              <div
                className="p-1"
              >
                <div
                  className="w-8"
                >
                  <img
                    alt="商品A"
                    className="css-s08p0c "
                    loading="lazy"
                    src="/images/dummy_480x320.png"
                  />
                </div>
              </div>
            </div>
            <div
              className="sc-fFGjHI sc-dicizt sc-iVCKna cIdNNF fkmpGg ghLWkf rdt_TableCell"
              data-column-id={3}
              data-tag="allowRowEvents"
              id="cell-3-1"
              onDragEnd={[Function]}
              onDragEnter={[Function]}
              onDragLeave={[Function]}
              onDragOver={[Function]}
              onDragStart={[Function]}
              role="cell"
              style={{}}
            >
              <div
                data-tag="allowRowEvents"
              >
                商品Aです。
              </div>
            </div>
            <div
              className="sc-fFGjHI sc-dicizt sc-iVCKna cIdNNF fkmpGg ghLWkf rdt_TableCell"
              data-column-id={4}
              data-tag="allowRowEvents"
              id="cell-4-1"
              onDragEnd={[Function]}
              onDragEnter={[Function]}
              onDragLeave={[Function]}
              onDragOver={[Function]}
              onDragStart={[Function]}
              role="cell"
              style={{}}
            >
              <div
                data-tag="allowRowEvents"
              >
                111
              </div>
            </div>
          </div>
          <div
            className="sc-dcrmVg hOjrSE rdt_TableRow"
            id="row-2"
            onClick={[Function]}
            onDoubleClick={[Function]}
            onMouseEnter={[Function]}
            onMouseLeave={[Function]}
            role="row"
            selected={false}
            style={{}}
          >
            <div
              className="sc-fFGjHI sc-dicizt sc-iVCKna cIdNNF fkmpGg ghLWkf rdt_TableCell"
              data-column-id={1}
              data-tag="allowRowEvents"
              id="cell-1-2"
              onDragEnd={[Function]}
              onDragEnter={[Function]}
              onDragLeave={[Function]}
              onDragOver={[Function]}
              onDragStart={[Function]}
              role="cell"
              style={{}}
            >
              <div
                data-tag="allowRowEvents"
              >
                商品B
              </div>
            </div>
            <div
              className="sc-fFGjHI sc-dicizt sc-iVCKna cIdNNF fkmpGg ggkryY rdt_TableCell"
              data-column-id={2}
              data-tag="allowRowEvents"
              id="cell-2-2"
              onDragEnd={[Function]}
              onDragEnter={[Function]}
              onDragLeave={[Function]}
              onDragOver={[Function]}
              onDragStart={[Function]}
              role="cell"
              style={{}}
            >
              <div
                className="p-1"
              >
                <div
                  className="w-8"
                >
                  <img
                    alt="商品B"
                    className="css-s08p0c "
                    loading="lazy"
                    src="/images/dummy_480x320.png"
                  />
                </div>
              </div>
            </div>
            <div
              className="sc-fFGjHI sc-dicizt sc-iVCKna cIdNNF fkmpGg ghLWkf rdt_TableCell"
              data-column-id={3}
              data-tag="allowRowEvents"
              id="cell-3-2"
              onDragEnd={[Function]}
              onDragEnter={[Function]}
              onDragLeave={[Function]}
              onDragOver={[Function]}
              onDragStart={[Function]}
              role="cell"
              style={{}}
            >
              <div
                data-tag="allowRowEvents"
              >
                商品Bです。
              </div>
            </div>
            <div
              className="sc-fFGjHI sc-dicizt sc-iVCKna cIdNNF fkmpGg ghLWkf rdt_TableCell"
              data-column-id={4}
              data-tag="allowRowEvents"
              id="cell-4-2"
              onDragEnd={[Function]}
              onDragEnter={[Function]}
              onDragLeave={[Function]}
              onDragOver={[Function]}
              onDragStart={[Function]}
              role="cell"
              style={{}}
            >
              <div
                data-tag="allowRowEvents"
              >
                222
              </div>
            </div>
          </div>
          <div
            className="sc-dcrmVg kUcBKd rdt_TableRow"
            id="row-3"
            onClick={[Function]}
            onDoubleClick={[Function]}
            onMouseEnter={[Function]}
            onMouseLeave={[Function]}
            role="row"
            selected={false}
            style={{}}
          >
            <div
              className="sc-fFGjHI sc-dicizt sc-iVCKna cIdNNF fkmpGg ghLWkf rdt_TableCell"
              data-column-id={1}
              data-tag="allowRowEvents"
              id="cell-1-3"
              onDragEnd={[Function]}
              onDragEnter={[Function]}
              onDragLeave={[Function]}
              onDragOver={[Function]}
              onDragStart={[Function]}
              role="cell"
              style={{}}
            >
              <div
                data-tag="allowRowEvents"
              >
                商品C
              </div>
            </div>
            <div
              className="sc-fFGjHI sc-dicizt sc-iVCKna cIdNNF fkmpGg ggkryY rdt_TableCell"
              data-column-id={2}
              data-tag="allowRowEvents"
              id="cell-2-3"
              onDragEnd={[Function]}
              onDragEnter={[Function]}
              onDragLeave={[Function]}
              onDragOver={[Function]}
              onDragStart={[Function]}
              role="cell"
              style={{}}
            >
              <div
                className="p-1"
              >
                <div
                  className="w-8"
                >
                  <img
                    alt="商品C"
                    className="css-s08p0c "
                    loading="lazy"
                    src="/images/dummy_480x320.png"
                  />
                </div>
              </div>
            </div>
            <div
              className="sc-fFGjHI sc-dicizt sc-iVCKna cIdNNF fkmpGg ghLWkf rdt_TableCell"
              data-column-id={3}
              data-tag="allowRowEvents"
              id="cell-3-3"
              onDragEnd={[Function]}
              onDragEnter={[Function]}
              onDragLeave={[Function]}
              onDragOver={[Function]}
              onDragStart={[Function]}
              role="cell"
              style={{}}
            >
              <div
                data-tag="allowRowEvents"
              >
                商品Cです。
              </div>
            </div>
            <div
              className="sc-fFGjHI sc-dicizt sc-iVCKna cIdNNF fkmpGg ghLWkf rdt_TableCell"
              data-column-id={4}
              data-tag="allowRowEvents"
              id="cell-4-3"
              onDragEnd={[Function]}
              onDragEnter={[Function]}
              onDragLeave={[Function]}
              onDragOver={[Function]}
              onDragStart={[Function]}
              role="cell"
              style={{}}
            >
              <div
                data-tag="allowRowEvents"
              >
                333
              </div>
            </div>
          </div>
          <div
            className="sc-dcrmVg hOjrSE rdt_TableRow"
            id="row-4"
            onClick={[Function]}
            onDoubleClick={[Function]}
            onMouseEnter={[Function]}
            onMouseLeave={[Function]}
            role="row"
            selected={false}
            style={{}}
          >
            <div
              className="sc-fFGjHI sc-dicizt sc-iVCKna cIdNNF fkmpGg ghLWkf rdt_TableCell"
              data-column-id={1}
              data-tag="allowRowEvents"
              id="cell-1-4"
              onDragEnd={[Function]}
              onDragEnter={[Function]}
              onDragLeave={[Function]}
              onDragOver={[Function]}
              onDragStart={[Function]}
              role="cell"
              style={{}}
            >
              <div
                data-tag="allowRowEvents"
              >
                商品D
              </div>
            </div>
            <div
              className="sc-fFGjHI sc-dicizt sc-iVCKna cIdNNF fkmpGg ggkryY rdt_TableCell"
              data-column-id={2}
              data-tag="allowRowEvents"
              id="cell-2-4"
              onDragEnd={[Function]}
              onDragEnter={[Function]}
              onDragLeave={[Function]}
              onDragOver={[Function]}
              onDragStart={[Function]}
              role="cell"
              style={{}}
            >
              <div
                className="p-1"
              >
                <div
                  className="w-8"
                >
                  <img
                    alt="商品D"
                    className="css-s08p0c "
                    loading="lazy"
                    src="/images/dummy_480x320.png"
                  />
                </div>
              </div>
            </div>
            <div
              className="sc-fFGjHI sc-dicizt sc-iVCKna cIdNNF fkmpGg ghLWkf rdt_TableCell"
              data-column-id={3}
              data-tag="allowRowEvents"
              id="cell-3-4"
              onDragEnd={[Function]}
              onDragEnter={[Function]}
              onDragLeave={[Function]}
              onDragOver={[Function]}
              onDragStart={[Function]}
              role="cell"
              style={{}}
            >
              <div
                data-tag="allowRowEvents"
              >
                商品Dです。
              </div>
            </div>
            <div
              className="sc-fFGjHI sc-dicizt sc-iVCKna cIdNNF fkmpGg ghLWkf rdt_TableCell"
              data-column-id={4}
              data-tag="allowRowEvents"
              id="cell-4-4"
              onDragEnd={[Function]}
              onDragEnter={[Function]}
              onDragLeave={[Function]}
              onDragOver={[Function]}
              onDragStart={[Function]}
              role="cell"
              style={{}}
            >
              <div
                data-tag="allowRowEvents"
              >
                444
              </div>
            </div>
          </div>
          <div
            className="sc-dcrmVg kUcBKd rdt_TableRow"
            id="row-5"
            onClick={[Function]}
            onDoubleClick={[Function]}
            onMouseEnter={[Function]}
            onMouseLeave={[Function]}
            role="row"
            selected={false}
            style={{}}
          >
            <div
              className="sc-fFGjHI sc-dicizt sc-iVCKna cIdNNF fkmpGg ghLWkf rdt_TableCell"
              data-column-id={1}
              data-tag="allowRowEvents"
              id="cell-1-5"
              onDragEnd={[Function]}
              onDragEnter={[Function]}
              onDragLeave={[Function]}
              onDragOver={[Function]}
              onDragStart={[Function]}
              role="cell"
              style={{}}
            >
              <div
                data-tag="allowRowEvents"
              >
                商品E
              </div>
            </div>
            <div
              className="sc-fFGjHI sc-dicizt sc-iVCKna cIdNNF fkmpGg ggkryY rdt_TableCell"
              data-column-id={2}
              data-tag="allowRowEvents"
              id="cell-2-5"
              onDragEnd={[Function]}
              onDragEnter={[Function]}
              onDragLeave={[Function]}
              onDragOver={[Function]}
              onDragStart={[Function]}
              role="cell"
              style={{}}
            >
              <div
                className="p-1"
              >
                <div
                  className="w-8"
                >
                  <img
                    alt="商品E"
                    className="css-s08p0c "
                    loading="lazy"
                    src="/images/dummy_480x320.png"
                  />
                </div>
              </div>
            </div>
            <div
              className="sc-fFGjHI sc-dicizt sc-iVCKna cIdNNF fkmpGg ghLWkf rdt_TableCell"
              data-column-id={3}
              data-tag="allowRowEvents"
              id="cell-3-5"
              onDragEnd={[Function]}
              onDragEnter={[Function]}
              onDragLeave={[Function]}
              onDragOver={[Function]}
              onDragStart={[Function]}
              role="cell"
              style={{}}
            >
              <div
                data-tag="allowRowEvents"
              >
                商品Eです。
              </div>
            </div>
            <div
              className="sc-fFGjHI sc-dicizt sc-iVCKna cIdNNF fkmpGg ghLWkf rdt_TableCell"
              data-column-id={4}
              data-tag="allowRowEvents"
              id="cell-4-5"
              onDragEnd={[Function]}
              onDragEnter={[Function]}
              onDragLeave={[Function]}
              onDragOver={[Function]}
              onDragStart={[Function]}
              role="cell"
              style={{}}
            >
              <div
                data-tag="allowRowEvents"
              >
                555
              </div>
            </div>
          </div>
        </div>
      </div>
    </div>
  </div>,
  <div>
    <div
      className="flex items-center justify-center mt-6"
    >
      <select
        className="mr-2 p-2 border rounded"
        onChange={[Function]}
        value={5}
      >
        <option
          value={5}
        >
          5
           件表示
        </option>
        <option
          value={10}
        >
          10
           件表示
        </option>
        <option
          value={15}
        >
          15
           件表示
        </option>
        <option
          value={20}
        >
          20
           件表示
        </option>
      </select>
      <button
        className="inline-block bg-gray-200 text-gray-700 font-bold px-4 py-2 rounded-l opacity-50"
        disabled={true}
        onClick={[Function]}
      >
        前へ
      </button>
      <button
        className="inline-block font-bold px-4 py-2 bg-blue-500 text-white hover:bg-blue-700"
        onClick={[Function]}
      >
        1
      </button>
      <button
        className="inline-block font-bold px-4 py-2 bg-gray-200 text-gray-700 "
        onClick={[Function]}
      >
        2
      </button>
      <button
        className="inline-block bg-gray-200 text-gray-700 font-bold px-4 py-2 rounded-r hover:bg-gray-300"
        disabled={false}
        onClick={[Function]}
      >
        次へ
      </button>
    </div>
  </div>,
]
`;
