// Jest Snapshot v1, https://goo.gl/fbAQLP

exports[`SideMenu Match Snapshot 1`] = `
[
  <div
    className="css-0 fixed top-0 right-0 z-30 bg-base h-screen w-64 css-hc9ocb"
  >
    <div
      className="mt-24"
    />
    <ul
      className="list-none"
    />
  </div>,
  <div
    className="hidden z-20 bg-black opacity-50 fixed top-0 w-full h-screen"
    onClick={[Function]}
  />,
]
`;
